[debug] [2026-05-14T10:29:31.084Z] ----------------------------------------------------------------------
[debug] [2026-05-14T10:29:31.092Z] Command:       C:\Program Files\nodejs\node.exe C:\Users\sopni\AppData\Roaming\npm\node_modules\firebase-tools\lib\bin\firebase.js deploy
[debug] [2026-05-14T10:29:31.093Z] CLI Version:   15.16.0
[debug] [2026-05-14T10:29:31.093Z] Platform:      win32
[debug] [2026-05-14T10:29:31.094Z] Node Version:  v22.19.0
[debug] [2026-05-14T10:29:31.095Z] Time:          Thu May 14 2026 16:29:31 GMT+0600 (Bangladesh Standard Time)
[debug] [2026-05-14T10:29:31.095Z] ----------------------------------------------------------------------
[debug] 
[debug] [2026-05-14T10:29:31.100Z] >>> [apiv2][query] GET https://firebase-public.firebaseio.com/cli.json [none]
[debug] [2026-05-14T10:29:38.939Z] > command requires scopes: ["email","openid","https://www.googleapis.com/auth/cloudplatformprojects.readonly","https://www.googleapis.com/auth/firebase","https://www.googleapis.com/auth/cloud-platform"]
[debug] [2026-05-14T10:29:38.940Z] > authorizing via signed-in user (taief.hasan880@gmail.com)
[debug] [2026-05-14T10:29:38.940Z] [iam] checking project kalkinipowermonitor for permissions ["firebase.projects.get","firebasehosting.sites.update"]
[debug] [2026-05-14T10:29:38.942Z] Checked if tokens are valid: false, expires at: 1778578412913
[debug] [2026-05-14T10:29:38.942Z] Checked if tokens are valid: false, expires at: 1778578412913
[debug] [2026-05-14T10:29:38.942Z] > refreshing access token with scopes: []
[debug] [2026-05-14T10:29:38.945Z] >>> [apiv2][query] POST https://www.googleapis.com/oauth2/v3/token [none]
[debug] [2026-05-14T10:29:38.946Z] >>> [apiv2][body] POST https://www.googleapis.com/oauth2/v3/token [omitted]
[debug] [2026-05-14T10:29:49.996Z] *** [apiv2] error from fetch(https://www.googleapis.com/oauth2/v3/token, {"headers":{},"method":"POST","body":{"_overheadLength":545,"_valueLength":212,"_valuesToMeasure":[],"writable":false,"readable":true,"dataSize":0,"maxDataSize":2097152,"pauseStreams":true,"_released":true,"_streams":[],"_currentStream":null,"_insideLoop":false,"_pendingNext":false,"_boundary":"--------------------------80832388c3ffb7759d4bb1f2","_events":{},"_eventsCount":1}}): FetchError: request to https://www.googleapis.com/oauth2/v3/token failed, reason: getaddrinfo ENOTFOUND www.googleapis.com
[error] Authentication Error: Your credentials are no longer valid. Please run firebase login --reauth

For CI servers and headless environments, generate a new token with firebase login:ci
[debug] [2026-05-14T10:29:49.998Z] [iam] error while checking permissions, command may fail: Authentication Error: Your credentials are no longer valid. Please run firebase login --reauth

For CI servers and headless environments, generate a new token with firebase login:ci
[debug] [2026-05-14T10:29:49.999Z] Checked if tokens are valid: false, expires at: 1778578412913
[debug] [2026-05-14T10:29:49.999Z] Checked if tokens are valid: false, expires at: 1778578412913
[debug] [2026-05-14T10:29:49.999Z] > refreshing access token with scopes: []
[debug] [2026-05-14T10:29:50.000Z] >>> [apiv2][query] POST https://www.googleapis.com/oauth2/v3/token [none]
[debug] [2026-05-14T10:29:50.000Z] >>> [apiv2][body] POST https://www.googleapis.com/oauth2/v3/token [omitted]
[debug] [2026-05-14T10:29:50.006Z] *** [apiv2] error from fetch(https://www.googleapis.com/oauth2/v3/token, {"headers":{},"method":"POST","body":{"_overheadLength":545,"_valueLength":212,"_valuesToMeasure":[],"writable":false,"readable":true,"dataSize":0,"maxDataSize":2097152,"pauseStreams":true,"_released":true,"_streams":[],"_currentStream":null,"_insideLoop":false,"_pendingNext":false,"_boundary":"--------------------------9f01e1aa537f1bec10a231fc","_events":{},"_eventsCount":1}}): FetchError: request to https://www.googleapis.com/oauth2/v3/token failed, reason: getaddrinfo ENOTFOUND www.googleapis.com
[error] Authentication Error: Your credentials are no longer valid. Please run firebase login --reauth

For CI servers and headless environments, generate a new token with firebase login:ci
[debug] [2026-05-14T10:29:50.007Z] Authentication Error: Your credentials are no longer valid. Please run firebase login --reauth

For CI servers and headless environments, generate a new token with firebase login:ci
[error] 
[error] Error: Assertion failed: resolving hosting target of a site with no site name or target name. This should have caused an error earlier
